2026-05-05 14:43:51,703 INFO o.a.j.u.JMeterUtils: Setting Locale to en_EN
2026-05-05 14:43:51,720 INFO o.a.j.JMeter: Loading user properties from: /opt/homebrew/Cellar/jmeter/5.6.3/libexec/bin/user.properties
2026-05-05 14:43:51,721 INFO o.a.j.JMeter: Loading system properties from: /opt/homebrew/Cellar/jmeter/5.6.3/libexec/bin/system.properties
2026-05-05 14:43:51,725 INFO o.a.j.JMeter: Copyright (c) 1998-2024 The Apache Software Foundation
2026-05-05 14:43:51,725 INFO o.a.j.JMeter: Version 5.6.3
2026-05-05 14:43:51,725 INFO o.a.j.JMeter: java.version=21.0.9
2026-05-05 14:43:51,725 INFO o.a.j.JMeter: java.vm.name=OpenJDK 64-Bit Server VM
2026-05-05 14:43:51,725 INFO o.a.j.JMeter: os.name=Mac OS X
2026-05-05 14:43:51,725 INFO o.a.j.JMeter: os.arch=aarch64
2026-05-05 14:43:51,726 INFO o.a.j.JMeter: os.version=26.3.1
2026-05-05 14:43:51,726 INFO o.a.j.JMeter: file.encoding=UTF-8
2026-05-05 14:43:51,726 INFO o.a.j.JMeter: java.awt.headless=null
2026-05-05 14:43:51,726 INFO o.a.j.JMeter: Max memory     =1073741824
2026-05-05 14:43:51,726 INFO o.a.j.JMeter: Available Processors =8
2026-05-05 14:43:51,731 INFO o.a.j.JMeter: Default Locale=English (EN)
2026-05-05 14:43:51,731 INFO o.a.j.JMeter: JMeter  Locale=English (EN)
2026-05-05 14:43:51,731 INFO o.a.j.JMeter: JMeterHome=/opt/homebrew/Cellar/jmeter/5.6.3/libexec
2026-05-05 14:43:51,731 INFO o.a.j.JMeter: user.dir  =/Users/abhiramkasireddi/Downloads/LinkedIn_Project_updated
2026-05-05 14:43:51,731 INFO o.a.j.JMeter: PWD       =/Users/abhiramkasireddi/Downloads/LinkedIn_Project_updated
2026-05-05 14:43:51,733 INFO o.a.j.JMeter: IP: 127.0.0.1 Name: Abhirams-MacBook-Air.local FullName: localhost
2026-05-05 14:43:51,740 INFO o.a.j.JMeter: Loaded icon properties from org/apache/jmeter/images/icon.properties
2026-05-05 14:43:52,026 INFO o.a.j.JMeterGuiLauncher: Setting LAF to: com.github.weisj.darklaf.DarkLaf:com.github.weisj.darklaf.theme.DarculaTheme
2026-05-05 14:43:53,031 INFO o.a.j.r.ClassFinder: Will scan jar /opt/homebrew/Cellar/jmeter/5.6.3/libexec/lib/ext/jmeter-plugins-manager-1.9.jar with filter ExtendsClassFilter [parents=[interface org.apache.jmeter.gui.action.Command], inner=false, contains=null, notContains=null]. Consider exposing JMeter plugins via META-INF/services, and add JMeter-Skip-Class-Scanning=true manifest attribute so JMeter can skip classfile scanning
2026-05-05 14:43:53,100 INFO o.a.j.r.ClassFinder: Will scan jar /opt/homebrew/Cellar/jmeter/5.6.3/libexec/lib/ext/jmeter-plugins-manager-1.9.jar with filter ExtendsClassFilter [parents=[interface org.apache.jmeter.gui.plugin.MenuCreator], inner=false, contains=null, notContains=null]. Consider exposing JMeter plugins via META-INF/services, and add JMeter-Skip-Class-Scanning=true manifest attribute so JMeter can skip classfile scanning
2026-05-05 14:43:53,173 INFO o.j.r.JARSourceHTTP: Found cached repo
2026-05-05 14:43:53,263 INFO o.j.r.PluginManager: Plugins Status: [jpgc-plugins-manager=1.9, jmeter-core=5.6.3, jmeter-ftp=5.6.3, jmeter-http=5.6.3, jmeter-jdbc=5.6.3, jmeter-jms=5.6.3, jmeter-junit=5.6.3, jmeter-java=5.6.3, jmeter-ldap=5.6.3, jmeter-mail=5.6.3, jmeter-mongodb=5.6.3, jmeter-native=5.6.3, jmeter-tcp=5.6.3, jmeter-components=5.6.3]
2026-05-05 14:43:53,264 INFO o.j.r.PluginManagerMenuItem: Plugins Manager has upgrades: [jpgc-plugins-manager]
2026-05-05 14:43:54,386 INFO o.a.j.JMeterGuiLauncher: Loading file: performance/jmeter/scenario_b_write_load.jmx
2026-05-05 14:43:54,388 INFO o.a.j.s.FileServer: Default base='/Users/abhiramkasireddi/Downloads/LinkedIn_Project_updated'
2026-05-05 14:43:54,388 INFO o.a.j.s.FileServer: Set new base='/Users/abhiramkasireddi/Downloads/LinkedIn_Project_updated/performance/jmeter'
2026-05-05 14:43:54,478 INFO o.a.j.s.SaveService: Testplan (JMX) version: 2.2. Testlog (JTL) version: 2.2
2026-05-05 14:43:54,483 INFO o.a.j.s.SaveService: Using SaveService properties version 5.0
2026-05-05 14:43:54,484 INFO o.a.j.s.SaveService: Using SaveService properties file encoding UTF-8
2026-05-05 14:43:54,485 INFO o.a.j.s.SaveService: Loading file: performance/jmeter/scenario_b_write_load.jmx
2026-05-05 14:43:54,529 INFO o.a.j.p.h.s.HTTPSamplerBase: Parser for text/html is org.apache.jmeter.protocol.http.parser.LagartoBasedHtmlParser
2026-05-05 14:43:54,529 INFO o.a.j.p.h.s.HTTPSamplerBase: Parser for application/xhtml+xml is org.apache.jmeter.protocol.http.parser.LagartoBasedHtmlParser
2026-05-05 14:43:54,529 INFO o.a.j.p.h.s.HTTPSamplerBase: Parser for application/xml is org.apache.jmeter.protocol.http.parser.LagartoBasedHtmlParser
2026-05-05 14:43:54,529 INFO o.a.j.p.h.s.HTTPSamplerBase: Parser for text/xml is org.apache.jmeter.protocol.http.parser.LagartoBasedHtmlParser
2026-05-05 14:43:54,529 INFO o.a.j.p.h.s.HTTPSamplerBase: Parser for text/vnd.wap.wml is org.apache.jmeter.protocol.http.parser.RegexpHTMLParser
2026-05-05 14:43:54,529 INFO o.a.j.p.h.s.HTTPSamplerBase: Parser for text/css is org.apache.jmeter.protocol.http.parser.CssParser
2026-05-05 14:43:54,565 INFO o.a.j.s.FileServer: Set new base='/Users/abhiramkasireddi/Downloads/LinkedIn_Project_updated/performance/jmeter'
2026-05-05 14:43:54,666 INFO o.a.j.s.SampleResult: Note: Sample TimeStamps are START times
2026-05-05 14:43:54,666 INFO o.a.j.s.SampleResult: sampleresult.default.encoding is set to UTF-8
2026-05-05 14:43:54,667 INFO o.a.j.s.SampleResult: sampleresult.useNanoTime=true
2026-05-05 14:43:54,667 INFO o.a.j.s.SampleResult: sampleresult.nanoThreadSleep=5000
2026-05-05 14:43:54,703 INFO o.a.j.r.ClassFinder: Will scan jar /opt/homebrew/Cellar/jmeter/5.6.3/libexec/lib/ext/jmeter-plugins-manager-1.9.jar with filter ExtendsClassFilter [parents=[interface org.apache.jmeter.visualizers.ResultRenderer], inner=false, contains=null, notContains=null]. Consider exposing JMeter plugins via META-INF/services, and add JMeter-Skip-Class-Scanning=true manifest attribute so JMeter can skip classfile scanning
2026-05-05 14:43:54,711 INFO o.a.j.r.ClassFinder: Will scan jar /opt/homebrew/Cellar/jmeter/5.6.3/libexec/lib/ext/jmeter-plugins-manager-1.9.jar with filter ExtendsClassFilter [parents=[interface org.apache.jmeter.visualizers.RequestView], inner=false, contains=null, notContains=null]. Consider exposing JMeter plugins via META-INF/services, and add JMeter-Skip-Class-Scanning=true manifest attribute so JMeter can skip classfile scanning
2026-05-05 14:43:57,813 INFO o.a.j.e.StandardJMeterEngine: Running the test!
2026-05-05 14:43:57,813 INFO o.a.j.s.SampleEvent: List of sample_variables: []
2026-05-05 14:43:57,813 INFO o.a.j.s.SampleEvent: List of sample_variables: []
2026-05-05 14:43:57,814 INFO o.a.j.e.u.CompoundVariable: Note: Function class names must contain the string: '.functions.'
2026-05-05 14:43:57,814 INFO o.a.j.e.u.CompoundVariable: Note: Function class names must not contain the string: '.gui.'
2026-05-05 14:43:57,837 INFO o.a.j.r.ClassFinder: Will scan jar /opt/homebrew/Cellar/jmeter/5.6.3/libexec/lib/ext/jmeter-plugins-manager-1.9.jar with filter ExtendsClassFilter [parents=[interface org.apache.jmeter.functions.Function], inner=false, contains=null, notContains=null]. Consider exposing JMeter plugins via META-INF/services, and add JMeter-Skip-Class-Scanning=true manifest attribute so JMeter can skip classfile scanning
2026-05-05 14:43:57,841 INFO o.a.j.g.u.JMeterMenuBar: setRunning(true, *local*)
2026-05-05 14:43:57,859 INFO o.a.j.e.StandardJMeterEngine: Starting ThreadGroup: 1 : Write Load - 100 Users
2026-05-05 14:43:57,859 INFO o.a.j.e.StandardJMeterEngine: Starting 100 threads for group Write Load - 100 Users.
2026-05-05 14:43:57,859 INFO o.a.j.e.StandardJMeterEngine: Thread will continue on error
2026-05-05 14:43:57,859 INFO o.a.j.t.ThreadGroup: Starting thread group... number=1 threads=100 ramp-up=60 delayedStart=false
2026-05-05 14:43:57,861 INFO o.a.j.t.JMeterThread: Thread started: Write Load - 100 Users 1-1
2026-05-05 14:43:57,876 INFO o.a.j.t.ThreadGroup: Started thread group number 1
2026-05-05 14:43:57,876 INFO o.a.j.e.StandardJMeterEngine: All thread groups have been started
2026-05-05 14:43:58,465 INFO o.a.j.t.JMeterThread: Thread started: Write Load - 100 Users 1-2
2026-05-05 14:43:59,064 INFO o.a.j.t.JMeterThread: Thread started: Write Load - 100 Users 1-3
2026-05-05 14:43:59,150 INFO o.a.j.p.h.s.HTTPHCAbstractImpl: Local host = Abhirams-MacBook-Air.local
2026-05-05 14:43:59,155 INFO o.a.j.p.h.s.HTTPHC4Impl: HTTP request retry count = 0
2026-05-05 14:43:59,665 INFO o.a.j.t.JMeterThread: Thread started: Write Load - 100 Users 1-4
2026-05-05 14:43:59,994 INFO o.a.j.g.a.Start: Stopping test
2026-05-05 14:44:00,031 INFO o.a.j.t.JMeterThread: Stopping: Write Load - 100 Users 1-45
2026-05-05 14:44:00,031 INFO o.a.j.t.JMeterThread: Stopping: Write Load - 100 Users 1-68
2026-05-05 14:44:00,031 INFO o.a.j.t.JMeterThread: Stopping: Write Load - 100 Users 1-95
2026-05-05 14:44:00,031 INFO o.a.j.t.JMeterThread: Stopping: Write Load - 100 Users 1-49
2026-05-05 14:44:00,031 INFO o.a.j.t.JMeterThread: Stopping: Write Load - 100 Users 1-96
2026-05-05 14:44:00,031 INFO o.a.j.t.JMeterThread: Stopping: Write Load - 100 Users 1-33
2026-05-05 14:44:00,031 INFO o.a.j.t.JMeterThread: Stopping: Write Load - 100 Users 1-25
2026-05-05 14:44:00,031 INFO o.a.j.t.JMeterThread: Stopping: Write Load - 100 Users 1-59
2026-05-05 14:44:00,031 INFO o.a.j.t.JMeterThread: Thread started: Write Load - 100 Users 1-45
2026-05-05 14:44:00,031 INFO o.a.j.t.JMeterThread: Thread started: Write Load - 100 Users 1-49
2026-05-05 14:44:00,032 INFO o.a.j.t.JMeterThread: Thread finished: Write Load - 100 Users 1-49
2026-05-05 14:44:00,031 INFO o.a.j.t.JMeterThread: Thread started: Write Load - 100 Users 1-68
2026-05-05 14:44:00,032 INFO o.a.j.t.JMeterThread: Thread started: Write Load - 100 Users 1-96
2026-05-05 14:44:00,032 INFO o.a.j.t.JMeterThread: Thread finished: Write Load - 100 Users 1-45
2026-05-05 14:44:00,032 INFO o.a.j.t.JMeterThread: Thread finished: Write Load - 100 Users 1-68
2026-05-05 14:44:00,031 INFO o.a.j.t.JMeterThread: Stopping: Write Load - 100 Users 1-27
2026-05-05 14:44:00,032 INFO o.a.j.t.JMeterThread: Thread finished: Write Load - 100 Users 1-96
2026-05-05 14:44:00,032 INFO o.a.j.t.JMeterThread: Thread started: Write Load - 100 Users 1-33
2026-05-05 14:44:00,032 INFO o.a.j.t.JMeterThread: Thread started: Write Load - 100 Users 1-25
2026-05-05 14:44:00,032 INFO o.a.j.t.JMeterThread: Thread finished: Write Load - 100 Users 1-33
2026-05-05 14:44:00,031 INFO o.a.j.t.JMeterThread: Thread started: Write Load - 100 Users 1-95
2026-05-05 14:44:00,032 INFO o.a.j.t.JMeterThread: Thread started: Write Load - 100 Users 1-59
2026-05-05 14:44:00,033 INFO o.a.j.t.JMeterThread: Thread finished: Write Load - 100 Users 1-25
2026-05-05 14:44:00,033 INFO o.a.j.t.JMeterThread: Thread finished: Write Load - 100 Users 1-95
2026-05-05 14:44:00,033 INFO o.a.j.t.JMeterThread: Stopping: Write Load - 100 Users 1-29
2026-05-05 14:44:00,033 INFO o.a.j.t.JMeterThread: Thread finished: Write Load - 100 Users 1-59
2026-05-05 14:44:00,033 INFO o.a.j.t.JMeterThread: Thread started: Write Load - 100 Users 1-27
2026-05-05 14:44:00,033 INFO o.a.j.t.JMeterThread: Thread started: Write Load - 100 Users 1-29
2026-05-05 14:44:00,033 INFO o.a.j.t.JMeterThread: Stopping: Write Load - 100 Users 1-50
2026-05-05 14:44:00,033 INFO o.a.j.t.JMeterThread: Thread finished: Write Load - 100 Users 1-27
2026-05-05 14:44:00,033 INFO o.a.j.t.JMeterThread: Stopping: Write Load - 100 Users 1-11
2026-05-05 14:44:00,033 INFO o.a.j.t.JMeterThread: Thread finished: Write Load - 100 Users 1-29
2026-05-05 14:44:00,033 INFO o.a.j.t.JMeterThread: Stopping: Write Load - 100 Users 1-2
2026-05-05 14:44:00,033 INFO o.a.j.t.JMeterThread: Thread started: Write Load - 100 Users 1-50
2026-05-05 14:44:00,033 INFO o.a.j.t.JMeterThread: Thread finished: Write Load - 100 Users 1-50
2026-05-05 14:44:00,033 INFO o.a.j.t.JMeterThread: Thread started: Write Load - 100 Users 1-11
2026-05-05 14:44:00,033 WARN o.a.j.t.JMeterThread: The delay timer was interrupted - probably did not wait as long as intended.
2026-05-05 14:44:00,033 INFO o.a.j.t.JMeterThread: Stopping: Write Load - 100 Users 1-79
2026-05-05 14:44:00,033 INFO o.a.j.t.JMeterThread: Thread finished: Write Load - 100 Users 1-11
2026-05-05 14:44:00,034 INFO o.a.j.t.JMeterThread: Thread finished: Write Load - 100 Users 1-2
2026-05-05 14:44:00,034 INFO o.a.j.t.JMeterThread: Stopping: Write Load - 100 Users 1-66
2026-05-05 14:44:00,034 INFO o.a.j.t.JMeterThread: Stopping: Write Load - 100 Users 1-26
2026-05-05 14:44:00,034 INFO o.a.j.t.JMeterThread: Stopping: Write Load - 100 Users 1-99
2026-05-05 14:44:00,034 INFO o.a.j.t.JMeterThread: Stopping: Write Load - 100 Users 1-21
2026-05-05 14:44:00,034 INFO o.a.j.t.JMeterThread: Thread started: Write Load - 100 Users 1-79
2026-05-05 14:44:00,034 INFO o.a.j.t.JMeterThread: Stopping: Write Load - 100 Users 1-32
2026-05-05 14:44:00,034 INFO o.a.j.t.JMeterThread: Stopping: Write Load - 100 Users 1-60
2026-05-05 14:44:00,034 INFO o.a.j.t.JMeterThread: Thread finished: Write Load - 100 Users 1-79
2026-05-05 14:44:00,034 INFO o.a.j.t.JMeterThread: Stopping: Write Load - 100 Users 1-12
2026-05-05 14:44:00,034 INFO o.a.j.t.JMeterThread: Stopping: Write Load - 100 Users 1-64
2026-05-05 14:44:00,034 INFO o.a.j.t.JMeterThread: Stopping: Write Load - 100 Users 1-1
2026-05-05 14:44:00,034 INFO o.a.j.t.JMeterThread: Thread started: Write Load - 100 Users 1-32
2026-05-05 14:44:00,034 INFO o.a.j.t.JMeterThread: Thread started: Write Load - 100 Users 1-26
2026-05-05 14:44:00,034 INFO o.a.j.t.JMeterThread: Stopping: Write Load - 100 Users 1-86
2026-05-05 14:44:00,034 INFO o.a.j.t.JMeterThread: Thread finished: Write Load - 100 Users 1-26
2026-05-05 14:44:00,034 INFO o.a.j.t.JMeterThread: Stopping: Write Load - 100 Users 1-37
2026-05-05 14:44:00,034 INFO o.a.j.t.JMeterThread: Thread started: Write Load - 100 Users 1-60
2026-05-05 14:44:00,035 INFO o.a.j.t.JMeterThread: Thread started: Write Load - 100 Users 1-66
2026-05-05 14:44:00,035 INFO o.a.j.t.JMeterThread: Thread started: Write Load - 100 Users 1-64
2026-05-05 14:44:00,035 INFO o.a.j.t.JMeterThread: Thread finished: Write Load - 100 Users 1-64
2026-05-05 14:44:00,035 INFO o.a.j.t.JMeterThread: Thread started: Write Load - 100 Users 1-99
2026-05-05 14:44:00,035 INFO o.a.j.t.JMeterThread: Thread finished: Write Load - 100 Users 1-60
2026-05-05 14:44:00,035 INFO o.a.j.t.JMeterThread: Thread finished: Write Load - 100 Users 1-99
2026-05-05 14:44:00,035 INFO o.a.j.t.JMeterThread: Thread started: Write Load - 100 Users 1-86
2026-05-05 14:44:00,034 INFO o.a.j.t.JMeterThread: Thread started: Write Load - 100 Users 1-21
2026-05-05 14:44:00,035 INFO o.a.j.t.JMeterThread: Thread finished: Write Load - 100 Users 1-86
2026-05-05 14:44:00,035 WARN o.a.j.t.JMeterThread: The delay timer was interrupted - probably did not wait as long as intended.
2026-05-05 14:44:00,034 INFO o.a.j.t.JMeterThread: Thread started: Write Load - 100 Users 1-12
2026-05-05 14:44:00,035 INFO o.a.j.t.JMeterThread: Thread finished: Write Load - 100 Users 1-21
2026-05-05 14:44:00,035 INFO o.a.j.t.JMeterThread: Thread finished: Write Load - 100 Users 1-1
2026-05-05 14:44:00,034 INFO o.a.j.t.JMeterThread: Stopping: Write Load - 100 Users 1-100
2026-05-05 14:44:00,034 INFO o.a.j.t.JMeterThread: Thread finished: Write Load - 100 Users 1-32
2026-05-05 14:44:00,035 INFO o.a.j.t.JMeterThread: Thread finished: Write Load - 100 Users 1-12
2026-05-05 14:44:00,035 INFO o.a.j.t.JMeterThread: Stopping: Write Load - 100 Users 1-20
2026-05-05 14:44:00,036 INFO o.a.j.t.JMeterThread: Stopping: Write Load - 100 Users 1-28
2026-05-05 14:44:00,036 INFO o.a.j.t.JMeterThread: Thread started: Write Load - 100 Users 1-100
2026-05-05 14:44:00,036 INFO o.a.j.t.JMeterThread: Stopping: Write Load - 100 Users 1-39
2026-05-05 14:44:00,035 INFO o.a.j.t.JMeterThread: Thread finished: Write Load - 100 Users 1-66
2026-05-05 14:44:00,036 INFO o.a.j.t.JMeterThread: Stopping: Write Load - 100 Users 1-43
2026-05-05 14:44:00,036 INFO o.a.j.t.JMeterThread: Thread finished: Write Load - 100 Users 1-100
2026-05-05 14:44:00,036 INFO o.a.j.t.JMeterThread: Stopping: Write Load - 100 Users 1-80
2026-05-05 14:44:00,035 INFO o.a.j.t.JMeterThread: Thread started: Write Load - 100 Users 1-37
2026-05-05 14:44:00,036 INFO o.a.j.t.JMeterThread: Stopping: Write Load - 100 Users 1-57
2026-05-05 14:44:00,036 INFO o.a.j.t.JMeterThread: Thread started: Write Load - 100 Users 1-28
2026-05-05 14:44:00,036 INFO o.a.j.t.JMeterThread: Stopping: Write Load - 100 Users 1-35
2026-05-05 14:44:00,036 INFO o.a.j.t.JMeterThread: Stopping: Write Load - 100 Users 1-73
2026-05-05 14:44:00,036 INFO o.a.j.t.JMeterThread: Thread finished: Write Load - 100 Users 1-28
2026-05-05 14:44:00,036 INFO o.a.j.t.JMeterThread: Thread started: Write Load - 100 Users 1-39
2026-05-05 14:44:00,036 INFO o.a.j.t.JMeterThread: Thread started: Write Load - 100 Users 1-20
2026-05-05 14:44:00,036 INFO o.a.j.t.JMeterThread: Thread finished: Write Load - 100 Users 1-39
2026-05-05 14:44:00,036 INFO o.a.j.t.JMeterThread: Thread started: Write Load - 100 Users 1-57
2026-05-05 14:44:00,036 INFO o.a.j.t.JMeterThread: Thread finished: Write Load - 100 Users 1-20
2026-05-05 14:44:00,036 INFO o.a.j.t.JMeterThread: Thread finished: Write Load - 100 Users 1-57
2026-05-05 14:44:00,036 INFO o.a.j.t.JMeterThread: Thread started: Write Load - 100 Users 1-43
2026-05-05 14:44:00,036 INFO o.a.j.t.JMeterThread: Stopping: Write Load - 100 Users 1-91
2026-05-05 14:44:00,036 INFO o.a.j.t.JMeterThread: Thread started: Write Load - 100 Users 1-80
2026-05-05 14:44:00,036 INFO o.a.j.t.JMeterThread: Thread started: Write Load - 100 Users 1-73
2026-05-05 14:44:00,037 INFO o.a.j.t.JMeterThread: Thread finished: Write Load - 100 Users 1-43
2026-05-05 14:44:00,036 INFO o.a.j.t.JMeterThread: Thread finished: Write Load - 100 Users 1-37
2026-05-05 14:44:00,037 INFO o.a.j.t.JMeterThread: Thread finished: Write Load - 100 Users 1-73
2026-05-05 14:44:00,037 INFO o.a.j.t.JMeterThread: Thread finished: Write Load - 100 Users 1-80
2026-05-05 14:44:00,036 INFO o.a.j.t.JMeterThread: Thread started: Write Load - 100 Users 1-35
2026-05-05 14:44:00,037 INFO o.a.j.t.JMeterThread: Thread started: Write Load - 100 Users 1-91
2026-05-05 14:44:00,037 INFO o.a.j.t.JMeterThread: Stopping: Write Load - 100 Users 1-5
2026-05-05 14:44:00,037 INFO o.a.j.t.JMeterThread: Thread finished: Write Load - 100 Users 1-91
2026-05-05 14:44:00,037 INFO o.a.j.t.JMeterThread: Thread finished: Write Load - 100 Users 1-35
2026-05-05 14:44:00,037 INFO o.a.j.t.JMeterThread: Stopping: Write Load - 100 Users 1-36
2026-05-05 14:44:00,037 INFO o.a.j.t.JMeterThread: Thread started: Write Load - 100 Users 1-5
2026-05-05 14:44:00,037 INFO o.a.j.t.JMeterThread: Stopping: Write Load - 100 Users 1-76
2026-05-05 14:44:00,037 INFO o.a.j.t.JMeterThread: Thread finished: Write Load - 100 Users 1-5
2026-05-05 14:44:00,037 INFO o.a.j.t.JMeterThread: Stopping: Write Load - 100 Users 1-61
2026-05-05 14:44:00,037 INFO o.a.j.t.JMeterThread: Stopping: Write Load - 100 Users 1-16
2026-05-05 14:44:00,037 INFO o.a.j.t.JMeterThread: Thread started: Write Load - 100 Users 1-36
2026-05-05 14:44:00,037 INFO o.a.j.t.JMeterThread: Stopping: Write Load - 100 Users 1-22
2026-05-05 14:44:00,037 INFO o.a.j.t.JMeterThread: Thread started: Write Load - 100 Users 1-61
2026-05-05 14:44:00,037 INFO o.a.j.t.JMeterThread: Thread started: Write Load - 100 Users 1-76
2026-05-05 14:44:00,037 INFO o.a.j.t.JMeterThread: Stopping: Write Load - 100 Users 1-10
2026-05-05 14:44:00,037 INFO o.a.j.t.JMeterThread: Thread finished: Write Load - 100 Users 1-61
2026-05-05 14:44:00,037 INFO o.a.j.t.JMeterThread: Thread started: Write Load - 100 Users 1-22
2026-05-05 14:44:00,037 INFO o.a.j.t.JMeterThread: Stopping: Write Load - 100 Users 1-58
2026-05-05 14:44:00,037 INFO o.a.j.t.JMeterThread: Thread finished: Write Load - 100 Users 1-36
2026-05-05 14:44:00,037 INFO o.a.j.t.JMeterThread: Thread finished: Write Load - 100 Users 1-76
2026-05-05 14:44:00,037 INFO o.a.j.t.JMeterThread: Stopping: Write Load - 100 Users 1-88
2026-05-05 14:44:00,037 INFO o.a.j.t.JMeterThread: Thread started: Write Load - 100 Users 1-16
2026-05-05 14:44:00,038 INFO o.a.j.t.JMeterThread: Thread finished: Write Load - 100 Users 1-22
2026-05-05 14:44:00,038 INFO o.a.j.t.JMeterThread: Stopping: Write Load - 100 Users 1-78
2026-05-05 14:44:00,037 INFO o.a.j.t.JMeterThread: Thread started: Write Load - 100 Users 1-10
2026-05-05 14:44:00,038 INFO o.a.j.t.JMeterThread: Stopping: Write Load - 100 Users 1-38
2026-05-05 14:44:00,038 INFO o.a.j.t.JMeterThread: Thread finished: Write Load - 100 Users 1-10
2026-05-05 14:44:00,038 INFO o.a.j.t.JMeterThread: Stopping: Write Load - 100 Users 1-30
2026-05-05 14:44:00,038 INFO o.a.j.t.JMeterThread: Thread started: Write Load - 100 Users 1-88
2026-05-05 14:44:00,038 INFO o.a.j.t.JMeterThread: Stopping: Write Load - 100 Users 1-63
2026-05-05 14:44:00,038 INFO o.a.j.t.JMeterThread: Stopping: Write Load - 100 Users 1-55
2026-05-05 14:44:00,038 INFO o.a.j.t.JMeterThread: Thread finished: Write Load - 100 Users 1-16
2026-05-05 14:44:00,038 INFO o.a.j.t.JMeterThread: Stopping: Write Load - 100 Users 1-65
2026-05-05 14:44:00,038 INFO o.a.j.t.JMeterThread: Thread started: Write Load - 100 Users 1-38
2026-05-05 14:44:00,038 INFO o.a.j.t.JMeterThread: Stopping: Write Load - 100 Users 1-83
2026-05-05 14:44:00,038 INFO o.a.j.t.JMeterThread: Thread started: Write Load - 100 Users 1-30
2026-05-05 14:44:00,038 INFO o.a.j.t.JMeterThread: Stopping: Write Load - 100 Users 1-48
2026-05-05 14:44:00,038 INFO o.a.j.t.JMeterThread: Thread finished: Write Load - 100 Users 1-30
2026-05-05 14:44:00,038 INFO o.a.j.t.JMeterThread: Stopping: Write Load - 100 Users 1-23
2026-05-05 14:44:00,038 INFO o.a.j.t.JMeterThread: Stopping: Write Load - 100 Users 1-90
2026-05-05 14:44:00,038 INFO o.a.j.t.JMeterThread: Stopping: Write Load - 100 Users 1-18
2026-05-05 14:44:00,038 INFO o.a.j.t.JMeterThread: Stopping: Write Load - 100 Users 1-34
2026-05-05 14:44:00,038 INFO o.a.j.t.JMeterThread: Stopping: Write Load - 100 Users 1-14
2026-05-05 14:44:00,038 INFO o.a.j.t.JMeterThread: Stopping: Write Load - 100 Users 1-13
2026-05-05 14:44:00,038 INFO o.a.j.t.JMeterThread: Stopping: Write Load - 100 Users 1-44
2026-05-05 14:44:00,038 INFO o.a.j.t.JMeterThread: Thread started: Write Load - 100 Users 1-65
2026-05-05 14:44:00,038 INFO o.a.j.t.JMeterThread: Thread started: Write Load - 100 Users 1-55
2026-05-05 14:44:00,039 INFO o.a.j.t.JMeterThread: Thread finished: Write Load - 100 Users 1-65
2026-05-05 14:44:00,038 INFO o.a.j.t.JMeterThread: Thread started: Write Load - 100 Users 1-23
2026-05-05 14:44:00,039 INFO o.a.j.t.JMeterThread: Thread started: Write Load - 100 Users 1-90
2026-05-05 14:44:00,039 INFO o.a.j.t.JMeterThread: Thread finished: Write Load - 100 Users 1-55
2026-05-05 14:44:00,039 INFO o.a.j.t.JMeterThread: Thread started: Write Load - 100 Users 1-34
2026-05-05 14:44:00,039 INFO o.a.j.t.JMeterThread: Thread finished: Write Load - 100 Users 1-90
2026-05-05 14:44:00,039 INFO o.a.j.t.JMeterThread: Thread started: Write Load - 100 Users 1-14
2026-05-05 14:44:00,039 INFO o.a.j.t.JMeterThread: Thread finished: Write Load - 100 Users 1-34
2026-05-05 14:44:00,039 INFO o.a.j.t.JMeterThread: Thread started: Write Load - 100 Users 1-44
2026-05-05 14:44:00,038 INFO o.a.j.t.JMeterThread: Thread started: Write Load - 100 Users 1-58
2026-05-05 14:44:00,039 INFO o.a.j.t.JMeterThread: Thread finished: Write Load - 100 Users 1-14
2026-05-05 14:44:00,039 INFO o.a.j.t.JMeterThread: Thread started: Write Load - 100 Users 1-13
2026-05-05 14:44:00,039 INFO o.a.j.t.JMeterThread: Thread finished: Write Load - 100 Users 1-23
2026-05-05 14:44:00,039 INFO o.a.j.t.JMeterThread: Thread started: Write Load - 100 Users 1-18
2026-05-05 14:44:00,039 INFO o.a.j.t.JMeterThread: Thread finished: Write Load - 100 Users 1-13
2026-05-05 14:44:00,038 INFO o.a.j.t.JMeterThread: Thread started: Write Load - 100 Users 1-48
2026-05-05 14:44:00,038 INFO o.a.j.t.JMeterThread: Thread started: Write Load - 100 Users 1-83
2026-05-05 14:44:00,038 INFO o.a.j.t.JMeterThread: Stopping: Write Load - 100 Users 1-71
2026-05-05 14:44:00,038 INFO o.a.j.t.JMeterThread: Thread started: Write Load - 100 Users 1-63
2026-05-05 14:44:00,039 INFO o.a.j.t.JMeterThread: Thread finished: Write Load - 100 Users 1-83
2026-05-05 14:44:00,038 INFO o.a.j.t.JMeterThread: Thread finished: Write Load - 100 Users 1-38
2026-05-05 14:44:00,039 INFO o.a.j.t.JMeterThread: Stopping: Write Load - 100 Users 1-4
2026-05-05 14:44:00,039 INFO o.a.j.t.JMeterThread: Thread finished: Write Load - 100 Users 1-63
2026-05-05 14:44:00,039 INFO o.a.j.t.JMeterThread: Stopping: Write Load - 100 Users 1-94
2026-05-05 14:44:00,038 INFO o.a.j.t.JMeterThread: Thread finished: Write Load - 100 Users 1-88
2026-05-05 14:44:00,039 INFO o.a.j.t.JMeterThread: Thread started: Write Load - 100 Users 1-71
2026-05-05 14:44:00,038 INFO o.a.j.t.JMeterThread: Thread started: Write Load - 100 Users 1-78
2026-05-05 14:44:00,040 WARN o.a.j.t.JMeterThread: The delay timer was interrupted - probably did not wait as long as intended.
2026-05-05 14:44:00,040 INFO o.a.j.t.JMeterThread: Stopping: Write Load - 100 Users 1-46
2026-05-05 14:44:00,040 INFO o.a.j.t.JMeterThread: Thread started: Write Load - 100 Users 1-94
2026-05-05 14:44:00,040 INFO o.a.j.t.JMeterThread: Stopping: Write Load - 100 Users 1-92
2026-05-05 14:44:00,039 INFO o.a.j.t.JMeterThread: Thread finished: Write Load - 100 Users 1-48
2026-05-05 14:44:00,040 INFO o.a.j.t.JMeterThread: Thread finished: Write Load - 100 Users 1-94
2026-05-05 14:44:00,040 INFO o.a.j.t.JMeterThread: Thread started: Write Load - 100 Users 1-92
2026-05-05 14:44:00,040 INFO o.a.j.t.JMeterThread: Thread started: Write Load - 100 Users 1-46
2026-05-05 14:44:00,039 INFO o.a.j.t.JMeterThread: Thread finished: Write Load - 100 Users 1-44
2026-05-05 14:44:00,040 INFO o.a.j.t.JMeterThread: Thread finished: Write Load - 100 Users 1-18
2026-05-05 14:44:00,040 INFO o.a.j.t.JMeterThread: Thread finished: Write Load - 100 Users 1-46
2026-05-05 14:44:00,040 INFO o.a.j.t.JMeterThread: Thread finished: Write Load - 100 Users 1-58
2026-05-05 14:44:00,040 INFO o.a.j.t.JMeterThread: Thread finished: Write Load - 100 Users 1-4
2026-05-05 14:44:00,040 INFO o.a.j.t.JMeterThread: Stopping: Write Load - 100 Users 1-84
2026-05-05 14:44:00,040 INFO o.a.j.t.JMeterThread: Thread finished: Write Load - 100 Users 1-92
2026-05-05 14:44:00,040 INFO o.a.j.t.JMeterThread: Stopping: Write Load - 100 Users 1-8
2026-05-05 14:44:00,040 INFO o.a.j.t.JMeterThread: Thread finished: Write Load - 100 Users 1-71
2026-05-05 14:44:00,040 INFO o.a.j.t.JMeterThread: Stopping: Write Load - 100 Users 1-56
2026-05-05 14:44:00,040 INFO o.a.j.t.JMeterThread: Thread finished: Write Load - 100 Users 1-78
2026-05-05 14:44:00,040 INFO o.a.j.t.JMeterThread: Thread started: Write Load - 100 Users 1-84
2026-05-05 14:44:00,040 INFO o.a.j.t.JMeterThread: Stopping: Write Load - 100 Users 1-70
2026-05-05 14:44:00,040 INFO o.a.j.t.JMeterThread: Thread started: Write Load - 100 Users 1-56
2026-05-05 14:44:00,040 INFO o.a.j.t.JMeterThread: Stopping: Write Load - 100 Users 1-31
2026-05-05 14:44:00,040 INFO o.a.j.t.JMeterThread: Thread started: Write Load - 100 Users 1-8
2026-05-05 14:44:00,040 INFO o.a.j.t.JMeterThread: Stopping: Write Load - 100 Users 1-9
2026-05-05 14:44:00,040 INFO o.a.j.t.JMeterThread: Thread finished: Write Load - 100 Users 1-56
2026-05-05 14:44:00,040 INFO o.a.j.t.JMeterThread: Stopping: Write Load - 100 Users 1-67
2026-05-05 14:44:00,040 INFO o.a.j.t.JMeterThread: Thread finished: Write Load - 100 Users 1-84
2026-05-05 14:44:00,041 INFO o.a.j.t.JMeterThread: Stopping: Write Load - 100 Users 1-54
2026-05-05 14:44:00,041 INFO o.a.j.t.JMeterThread: Thread finished: Write Load - 100 Users 1-8
2026-05-05 14:44:00,041 INFO o.a.j.t.JMeterThread: Stopping: Write Load - 100 Users 1-53
2026-05-05 14:44:00,041 INFO o.a.j.t.JMeterThread: Stopping: Write Load - 100 Users 1-47
2026-05-05 14:44:00,041 INFO o.a.j.t.JMeterThread: Thread started: Write Load - 100 Users 1-70
2026-05-05 14:44:00,041 INFO o.a.j.t.JMeterThread: Thread started: Write Load - 100 Users 1-9
2026-05-05 14:44:00,041 INFO o.a.j.t.JMeterThread: Stopping: Write Load - 100 Users 1-93
2026-05-05 14:44:00,041 INFO o.a.j.t.JMeterThread: Thread started: Write Load - 100 Users 1-31
2026-05-05 14:44:00,041 INFO o.a.j.t.JMeterThread: Stopping: Write Load - 100 Users 1-41
2026-05-05 14:44:00,041 INFO o.a.j.t.JMeterThread: Stopping: Write Load - 100 Users 1-52
2026-05-05 14:44:00,041 INFO o.a.j.t.JMeterThread: Thread started: Write Load - 100 Users 1-47
2026-05-05 14:44:00,041 INFO o.a.j.t.JMeterThread: Thread finished: Write Load - 100 Users 1-70
2026-05-05 14:44:00,041 INFO o.a.j.t.JMeterThread: Thread started: Write Load - 100 Users 1-67
2026-05-05 14:44:00,041 INFO o.a.j.t.JMeterThread: Thread started: Write Load - 100 Users 1-54
2026-05-05 14:44:00,041 INFO o.a.j.t.JMeterThread: Thread finished: Write Load - 100 Users 1-47
2026-05-05 14:44:00,041 INFO o.a.j.t.JMeterThread: Thread finished: Write Load - 100 Users 1-67
2026-05-05 14:44:00,041 INFO o.a.j.t.JMeterThread: Thread finished: Write Load - 100 Users 1-54
2026-05-05 14:44:00,041 INFO o.a.j.t.JMeterThread: Thread finished: Write Load - 100 Users 1-9
2026-05-05 14:44:00,041 INFO o.a.j.t.JMeterThread: Thread started: Write Load - 100 Users 1-93
2026-05-05 14:44:00,041 INFO o.a.j.t.JMeterThread: Thread started: Write Load - 100 Users 1-53
2026-05-05 14:44:00,041 INFO o.a.j.t.JMeterThread: Thread finished: Write Load - 100 Users 1-93
2026-05-05 14:44:00,041 INFO o.a.j.t.JMeterThread: Thread started: Write Load - 100 Users 1-52
2026-05-05 14:44:00,041 INFO o.a.j.t.JMeterThread: Stopping: Write Load - 100 Users 1-62
2026-05-05 14:44:00,041 INFO o.a.j.t.JMeterThread: Thread started: Write Load - 100 Users 1-41
2026-05-05 14:44:00,041 INFO o.a.j.t.JMeterThread: Stopping: Write Load - 100 Users 1-97
2026-05-05 14:44:00,041 INFO o.a.j.t.JMeterThread: Thread finished: Write Load - 100 Users 1-52
2026-05-05 14:44:00,041 INFO o.a.j.t.JMeterThread: Thread started: Write Load - 100 Users 1-62
2026-05-05 14:44:00,041 INFO o.a.j.t.JMeterThread: Stopping: Write Load - 100 Users 1-87
2026-05-05 14:44:00,041 INFO o.a.j.t.JMeterThread: Thread finished: Write Load - 100 Users 1-41
2026-05-05 14:44:00,041 INFO o.a.j.t.JMeterThread: Thread finished: Write Load - 100 Users 1-31
2026-05-05 14:44:00,042 INFO o.a.j.t.JMeterThread: Thread started: Write Load - 100 Users 1-87
2026-05-05 14:44:00,042 INFO o.a.j.t.JMeterThread: Thread finished: Write Load - 100 Users 1-62
2026-05-05 14:44:00,041 INFO o.a.j.t.JMeterThread: Stopping: Write Load - 100 Users 1-72
2026-05-05 14:44:00,041 INFO o.a.j.t.JMeterThread: Thread finished: Write Load - 100 Users 1-53
2026-05-05 14:44:00,042 INFO o.a.j.t.JMeterThread: Thread finished: Write Load - 100 Users 1-87
2026-05-05 14:44:00,042 INFO o.a.j.t.JMeterThread: Stopping: Write Load - 100 Users 1-69
2026-05-05 14:44:00,042 INFO o.a.j.t.JMeterThread: Stopping: Write Load - 100 Users 1-89
2026-05-05 14:44:00,042 INFO o.a.j.t.JMeterThread: Thread started: Write Load - 100 Users 1-97
2026-05-05 14:44:00,042 INFO o.a.j.t.JMeterThread: Thread started: Write Load - 100 Users 1-72
2026-05-05 14:44:00,042 INFO o.a.j.t.JMeterThread: Stopping: Write Load - 100 Users 1-74
2026-05-05 14:44:00,042 INFO o.a.j.t.JMeterThread: Thread started: Write Load - 100 Users 1-69
2026-05-05 14:44:00,042 INFO o.a.j.t.JMeterThread: Stopping: Write Load - 100 Users 1-7
2026-05-05 14:44:00,042 INFO o.a.j.t.JMeterThread: Thread started: Write Load - 100 Users 1-89
2026-05-05 14:44:00,042 INFO o.a.j.t.JMeterThread: Stopping: Write Load - 100 Users 1-75
2026-05-05 14:44:00,042 INFO o.a.j.t.JMeterThread: Thread finished: Write Load - 100 Users 1-69
2026-05-05 14:44:00,042 INFO o.a.j.t.JMeterThread: Thread finished: Write Load - 100 Users 1-97
2026-05-05 14:44:00,042 INFO o.a.j.t.JMeterThread: Stopping: Write Load - 100 Users 1-19
2026-05-05 14:44:00,042 INFO o.a.j.t.JMeterThread: Thread started: Write Load - 100 Users 1-7
2026-05-05 14:44:00,042 INFO o.a.j.t.JMeterThread: Stopping: Write Load - 100 Users 1-81
2026-05-05 14:44:00,042 INFO o.a.j.t.JMeterThread: Thread started: Write Load - 100 Users 1-75
2026-05-05 14:44:00,042 INFO o.a.j.t.JMeterThread: Stopping: Write Load - 100 Users 1-82
2026-05-05 14:44:00,042 INFO o.a.j.t.JMeterThread: Thread finished: Write Load - 100 Users 1-7
2026-05-05 14:44:00,042 INFO o.a.j.t.JMeterThread: Thread finished: Write Load - 100 Users 1-75
2026-05-05 14:44:00,042 INFO o.a.j.t.JMeterThread: Stopping: Write Load - 100 Users 1-40
2026-05-05 14:44:00,042 INFO o.a.j.t.JMeterThread: Thread finished: Write Load - 100 Users 1-89
2026-05-05 14:44:00,042 INFO o.a.j.t.JMeterThread: Stopping: Write Load - 100 Users 1-24
2026-05-05 14:44:00,042 INFO o.a.j.t.JMeterThread: Thread started: Write Load - 100 Users 1-74
2026-05-05 14:44:00,042 INFO o.a.j.t.JMeterThread: Stopping: Write Load - 100 Users 1-51
2026-05-05 14:44:00,042 INFO o.a.j.t.JMeterThread: Thread started: Write Load - 100 Users 1-82
2026-05-05 14:44:00,042 INFO o.a.j.t.JMeterThread: Stopping: Write Load - 100 Users 1-85
2026-05-05 14:44:00,042 INFO o.a.j.t.JMeterThread: Thread started: Write Load - 100 Users 1-40
2026-05-05 14:44:00,042 INFO o.a.j.t.JMeterThread: Thread finished: Write Load - 100 Users 1-72
2026-05-05 14:44:00,043 INFO o.a.j.t.JMeterThread: Thread finished: Write Load - 100 Users 1-82
2026-05-05 14:44:00,043 INFO o.a.j.t.JMeterThread: Thread finished: Write Load - 100 Users 1-40
2026-05-05 14:44:00,043 INFO o.a.j.t.JMeterThread: Thread started: Write Load - 100 Users 1-85
2026-05-05 14:44:00,043 INFO o.a.j.t.JMeterThread: Thread started: Write Load - 100 Users 1-51
2026-05-05 14:44:00,043 INFO o.a.j.t.JMeterThread: Stopping: Write Load - 100 Users 1-3
2026-05-05 14:44:00,043 INFO o.a.j.t.JMeterThread: Thread finished: Write Load - 100 Users 1-85
2026-05-05 14:44:00,042 INFO o.a.j.t.JMeterThread: Thread started: Write Load - 100 Users 1-81
2026-05-05 14:44:00,043 INFO o.a.j.t.JMeterThread: Thread finished: Write Load - 100 Users 1-51
2026-05-05 14:44:00,043 INFO o.a.j.t.JMeterThread: Stopping: Write Load - 100 Users 1-77
2026-05-05 14:44:00,042 INFO o.a.j.t.JMeterThread: Thread started: Write Load - 100 Users 1-19
2026-05-05 14:44:00,043 INFO o.a.j.t.JMeterThread: Thread finished: Write Load - 100 Users 1-81
2026-05-05 14:44:00,043 INFO o.a.j.t.JMeterThread: Stopping: Write Load - 100 Users 1-6
2026-05-05 14:44:00,043 WARN o.a.j.t.JMeterThread: The delay timer was interrupted - probably did not wait as long as intended.
2026-05-05 14:44:00,043 INFO o.a.j.t.JMeterThread: Thread started: Write Load - 100 Users 1-77
2026-05-05 14:44:00,043 INFO o.a.j.t.JMeterThread: Thread finished: Write Load - 100 Users 1-77
2026-05-05 14:44:00,043 INFO o.a.j.t.JMeterThread: Thread started: Write Load - 100 Users 1-24
2026-05-05 14:44:00,043 INFO o.a.j.t.JMeterThread: Thread finished: Write Load - 100 Users 1-74
2026-05-05 14:44:00,043 INFO o.a.j.t.JMeterThread: Thread finished: Write Load - 100 Users 1-3
2026-05-05 14:44:00,043 INFO o.a.j.t.JMeterThread: Stopping: Write Load - 100 Users 1-15
2026-05-05 14:44:00,044 INFO o.a.j.t.JMeterThread: Thread finished: Write Load - 100 Users 1-24
2026-05-05 14:44:00,044 INFO o.a.j.t.JMeterThread: Stopping: Write Load - 100 Users 1-98
2026-05-05 14:44:00,044 INFO o.a.j.t.JMeterThread: Thread finished: Write Load - 100 Users 1-19
2026-05-05 14:44:00,044 INFO o.a.j.t.JMeterThread: Thread started: Write Load - 100 Users 1-15
2026-05-05 14:44:00,044 INFO o.a.j.t.JMeterThread: Stopping: Write Load - 100 Users 1-17
2026-05-05 14:44:00,044 INFO o.a.j.t.JMeterThread: Thread started: Write Load - 100 Users 1-6
2026-05-05 14:44:00,044 INFO o.a.j.t.JMeterThread: Thread finished: Write Load - 100 Users 1-15
2026-05-05 14:44:00,044 INFO o.a.j.t.JMeterThread: Stopping: Write Load - 100 Users 1-42
2026-05-05 14:44:00,044 INFO o.a.j.t.JMeterThread: Thread started: Write Load - 100 Users 1-98
2026-05-05 14:44:00,044 INFO o.a.j.t.JMeterThread: Thread finished: Write Load - 100 Users 1-6
2026-05-05 14:44:00,044 INFO o.a.j.t.JMeterThread: Thread started: Write Load - 100 Users 1-42
2026-05-05 14:44:00,044 INFO o.a.j.t.JMeterThread: Thread started: Write Load - 100 Users 1-17
2026-05-05 14:44:00,044 INFO o.a.j.t.JMeterThread: Thread finished: Write Load - 100 Users 1-98
2026-05-05 14:44:00,044 INFO o.a.j.t.JMeterThread: Thread finished: Write Load - 100 Users 1-42
2026-05-05 14:44:00,044 INFO o.a.j.t.JMeterThread: Thread finished: Write Load - 100 Users 1-17
2026-05-05 14:44:00,044 INFO o.a.j.e.StandardJMeterEngine: Notifying test listeners of end of test
2026-05-05 14:44:00,045 INFO o.a.j.g.u.JMeterMenuBar: setRunning(false, *local*)
2026-05-05 14:44:18,101 INFO o.a.j.e.StandardJMeterEngine: Running the test!
2026-05-05 14:44:18,103 INFO o.a.j.s.SampleEvent: List of sample_variables: []
2026-05-05 14:44:18,105 INFO o.a.j.g.u.JMeterMenuBar: setRunning(true, *local*)
2026-05-05 14:44:18,131 INFO o.a.j.e.StandardJMeterEngine: Starting ThreadGroup: 1 : Write Load - 100 Users
2026-05-05 14:44:18,132 INFO o.a.j.e.StandardJMeterEngine: Starting 100 threads for group Write Load - 100 Users.
2026-05-05 14:44:18,132 INFO o.a.j.e.StandardJMeterEngine: Thread will continue on error
2026-05-05 14:44:18,132 INFO o.a.j.t.ThreadGroup: Starting thread group... number=1 threads=100 ramp-up=60 delayedStart=false
2026-05-05 14:44:18,132 INFO o.a.j.t.JMeterThread: Thread started: Write Load - 100 Users 1-1
2026-05-05 14:44:18,145 INFO o.a.j.t.ThreadGroup: Started thread group number 1
2026-05-05 14:44:18,145 INFO o.a.j.e.StandardJMeterEngine: All thread groups have been started
2026-05-05 14:44:18,735 INFO o.a.j.t.JMeterThread: Thread started: Write Load - 100 Users 1-2
2026-05-05 14:44:19,337 INFO o.a.j.t.JMeterThread: Thread started: Write Load - 100 Users 1-3
2026-05-05 14:44:19,934 INFO o.a.j.t.JMeterThread: Thread started: Write Load - 100 Users 1-4
2026-05-05 14:44:20,535 INFO o.a.j.t.JMeterThread: Thread started: Write Load - 100 Users 1-5
2026-05-05 14:44:21,135 INFO o.a.j.t.JMeterThread: Thread started: Write Load - 100 Users 1-6
2026-05-05 14:44:21,737 INFO o.a.j.t.JMeterThread: Thread started: Write Load - 100 Users 1-7
2026-05-05 14:44:22,336 INFO o.a.j.t.JMeterThread: Thread started: Write Load - 100 Users 1-8
2026-05-05 14:44:22,937 INFO o.a.j.t.JMeterThread: Thread started: Write Load - 100 Users 1-9
2026-05-05 14:44:23,538 INFO o.a.j.t.JMeterThread: Thread started: Write Load - 100 Users 1-10
2026-05-05 14:44:24,136 INFO o.a.j.t.JMeterThread: Thread started: Write Load - 100 Users 1-11
2026-05-05 14:44:24,737 INFO o.a.j.t.JMeterThread: Thread started: Write Load - 100 Users 1-12
2026-05-05 14:44:25,334 INFO o.a.j.t.JMeterThread: Thread started: Write Load - 100 Users 1-13
2026-05-05 14:44:25,935 INFO o.a.j.t.JMeterThread: Thread started: Write Load - 100 Users 1-14
2026-05-05 14:44:26,537 INFO o.a.j.t.JMeterThread: Thread started: Write Load - 100 Users 1-15
2026-05-05 14:44:27,132 INFO o.a.j.t.JMeterThread: Thread started: Write Load - 100 Users 1-16
2026-05-05 14:44:27,737 INFO o.a.j.t.JMeterThread: Thread started: Write Load - 100 Users 1-17
2026-05-05 14:44:28,338 INFO o.a.j.t.JMeterThread: Thread started: Write Load - 100 Users 1-18
2026-05-05 14:44:28,937 INFO o.a.j.t.JMeterThread: Thread started: Write Load - 100 Users 1-19
2026-05-05 14:44:29,533 INFO o.a.j.t.JMeterThread: Thread started: Write Load - 100 Users 1-20
2026-05-05 14:44:30,133 INFO o.a.j.t.JMeterThread: Thread started: Write Load - 100 Users 1-21
2026-05-05 14:44:30,733 INFO o.a.j.t.JMeterThread: Thread started: Write Load - 100 Users 1-22
2026-05-05 14:44:31,333 INFO o.a.j.t.JMeterThread: Thread started: Write Load - 100 Users 1-23
2026-05-05 14:44:31,936 INFO o.a.j.t.JMeterThread: Thread started: Write Load - 100 Users 1-24
2026-05-05 14:44:32,535 INFO o.a.j.t.JMeterThread: Thread started: Write Load - 100 Users 1-25
2026-05-05 14:44:33,132 INFO o.a.j.t.JMeterThread: Thread started: Write Load - 100 Users 1-26
2026-05-05 14:44:33,737 INFO o.a.j.t.JMeterThread: Thread started: Write Load - 100 Users 1-27
2026-05-05 14:44:34,334 INFO o.a.j.t.JMeterThread: Thread started: Write Load - 100 Users 1-28
2026-05-05 14:44:34,934 INFO o.a.j.t.JMeterThread: Thread started: Write Load - 100 Users 1-29
2026-05-05 14:44:35,536 INFO o.a.j.t.JMeterThread: Thread started: Write Load - 100 Users 1-30
2026-05-05 14:44:36,133 INFO o.a.j.t.JMeterThread: Thread started: Write Load - 100 Users 1-31
2026-05-05 14:44:36,737 INFO o.a.j.t.JMeterThread: Thread started: Write Load - 100 Users 1-32
2026-05-05 14:44:37,338 INFO o.a.j.t.JMeterThread: Thread started: Write Load - 100 Users 1-33
2026-05-05 14:44:37,937 INFO o.a.j.t.JMeterThread: Thread started: Write Load - 100 Users 1-34
2026-05-05 14:44:38,534 INFO o.a.j.t.JMeterThread: Thread started: Write Load - 100 Users 1-35
2026-05-05 14:44:39,134 INFO o.a.j.t.JMeterThread: Thread started: Write Load - 100 Users 1-36
2026-05-05 14:44:39,735 INFO o.a.j.t.JMeterThread: Thread started: Write Load - 100 Users 1-37
2026-05-05 14:44:40,337 INFO o.a.j.t.JMeterThread: Thread started: Write Load - 100 Users 1-38
2026-05-05 14:44:40,938 INFO o.a.j.t.JMeterThread: Thread started: Write Load - 100 Users 1-39
2026-05-05 14:44:41,538 INFO o.a.j.t.JMeterThread: Thread started: Write Load - 100 Users 1-40
2026-05-05 14:44:42,137 INFO o.a.j.t.JMeterThread: Thread started: Write Load - 100 Users 1-41
2026-05-05 14:44:42,737 INFO o.a.j.t.JMeterThread: Thread started: Write Load - 100 Users 1-42
2026-05-05 14:44:43,335 INFO o.a.j.t.JMeterThread: Thread started: Write Load - 100 Users 1-43
2026-05-05 14:44:43,937 INFO o.a.j.t.JMeterThread: Thread started: Write Load - 100 Users 1-44
2026-05-05 14:44:44,537 INFO o.a.j.t.JMeterThread: Thread started: Write Load - 100 Users 1-45
2026-05-05 14:44:45,137 INFO o.a.j.t.JMeterThread: Thread started: Write Load - 100 Users 1-46
2026-05-05 14:44:45,735 INFO o.a.j.t.JMeterThread: Thread started: Write Load - 100 Users 1-47
2026-05-05 14:44:46,335 INFO o.a.j.t.JMeterThread: Thread started: Write Load - 100 Users 1-48
2026-05-05 14:44:46,938 INFO o.a.j.t.JMeterThread: Thread started: Write Load - 100 Users 1-49
2026-05-05 14:44:47,538 INFO o.a.j.t.JMeterThread: Thread started: Write Load - 100 Users 1-50
2026-05-05 14:44:48,138 INFO o.a.j.t.JMeterThread: Thread started: Write Load - 100 Users 1-51
2026-05-05 14:44:48,737 INFO o.a.j.t.JMeterThread: Thread started: Write Load - 100 Users 1-52
2026-05-05 14:44:49,337 INFO o.a.j.t.JMeterThread: Thread started: Write Load - 100 Users 1-53
2026-05-05 14:44:49,937 INFO o.a.j.t.JMeterThread: Thread started: Write Load - 100 Users 1-54
2026-05-05 14:44:50,537 INFO o.a.j.t.JMeterThread: Thread started: Write Load - 100 Users 1-55
2026-05-05 14:44:51,138 INFO o.a.j.t.JMeterThread: Thread started: Write Load - 100 Users 1-56
2026-05-05 14:44:51,738 INFO o.a.j.t.JMeterThread: Thread started: Write Load - 100 Users 1-57
2026-05-05 14:44:52,336 INFO o.a.j.t.JMeterThread: Thread started: Write Load - 100 Users 1-58
2026-05-05 14:44:52,837 INFO o.a.j.t.JMeterThread: Thread is done: Write Load - 100 Users 1-4
2026-05-05 14:44:52,837 INFO o.a.j.t.JMeterThread: Thread finished: Write Load - 100 Users 1-4
2026-05-05 14:44:52,937 INFO o.a.j.t.JMeterThread: Thread started: Write Load - 100 Users 1-59
2026-05-05 14:44:53,535 INFO o.a.j.t.JMeterThread: Thread started: Write Load - 100 Users 1-60
2026-05-05 14:44:54,137 INFO o.a.j.t.JMeterThread: Thread started: Write Load - 100 Users 1-61
2026-05-05 14:44:54,737 INFO o.a.j.t.JMeterThread: Thread started: Write Load - 100 Users 1-62
2026-05-05 14:44:55,245 INFO o.a.j.t.JMeterThread: Thread is done: Write Load - 100 Users 1-1
2026-05-05 14:44:55,245 INFO o.a.j.t.JMeterThread: Thread finished: Write Load - 100 Users 1-1
2026-05-05 14:44:55,337 INFO o.a.j.t.JMeterThread: Thread started: Write Load - 100 Users 1-63
2026-05-05 14:44:55,937 INFO o.a.j.t.JMeterThread: Thread started: Write Load - 100 Users 1-64
2026-05-05 14:44:56,537 INFO o.a.j.t.JMeterThread: Thread started: Write Load - 100 Users 1-65
2026-05-05 14:44:57,138 INFO o.a.j.t.JMeterThread: Thread started: Write Load - 100 Users 1-66
2026-05-05 14:44:57,738 INFO o.a.j.t.JMeterThread: Thread started: Write Load - 100 Users 1-67
2026-05-05 14:44:58,337 INFO o.a.j.t.JMeterThread: Thread started: Write Load - 100 Users 1-68
2026-05-05 14:44:58,937 INFO o.a.j.t.JMeterThread: Thread started: Write Load - 100 Users 1-69
2026-05-05 14:44:58,946 INFO o.a.j.t.JMeterThread: Thread is done: Write Load - 100 Users 1-2
2026-05-05 14:44:58,946 INFO o.a.j.t.JMeterThread: Thread finished: Write Load - 100 Users 1-2
2026-05-05 14:44:59,282 INFO o.a.j.t.JMeterThread: Thread is done: Write Load - 100 Users 1-3
2026-05-05 14:44:59,282 INFO o.a.j.t.JMeterThread: Thread finished: Write Load - 100 Users 1-3
2026-05-05 14:44:59,537 INFO o.a.j.t.JMeterThread: Thread started: Write Load - 100 Users 1-70
2026-05-05 14:45:00,091 INFO o.a.j.t.JMeterThread: Thread is done: Write Load - 100 Users 1-5
2026-05-05 14:45:00,091 INFO o.a.j.t.JMeterThread: Thread finished: Write Load - 100 Users 1-5
2026-05-05 14:45:00,132 INFO o.a.j.t.JMeterThread: Thread started: Write Load - 100 Users 1-71
2026-05-05 14:45:00,737 INFO o.a.j.t.JMeterThread: Thread started: Write Load - 100 Users 1-72
2026-05-05 14:45:01,337 INFO o.a.j.t.JMeterThread: Thread started: Write Load - 100 Users 1-73
2026-05-05 14:45:01,924 INFO o.a.j.t.JMeterThread: Thread is done: Write Load - 100 Users 1-9
2026-05-05 14:45:01,924 INFO o.a.j.t.JMeterThread: Thread finished: Write Load - 100 Users 1-9
2026-05-05 14:45:01,937 INFO o.a.j.t.JMeterThread: Thread started: Write Load - 100 Users 1-74
2026-05-05 14:45:02,082 INFO o.a.j.t.JMeterThread: Thread is done: Write Load - 100 Users 1-6
2026-05-05 14:45:02,082 INFO o.a.j.t.JMeterThread: Thread finished: Write Load - 100 Users 1-6
2026-05-05 14:45:02,515 INFO o.a.j.t.JMeterThread: Thread is done: Write Load - 100 Users 1-10
2026-05-05 14:45:02,515 INFO o.a.j.t.JMeterThread: Thread finished: Write Load - 100 Users 1-10
2026-05-05 14:45:02,538 INFO o.a.j.t.JMeterThread: Thread started: Write Load - 100 Users 1-75
2026-05-05 14:45:03,138 INFO o.a.j.t.JMeterThread: Thread started: Write Load - 100 Users 1-76
2026-05-05 14:45:03,733 INFO o.a.j.t.JMeterThread: Thread is done: Write Load - 100 Users 1-8
2026-05-05 14:45:03,733 INFO o.a.j.t.JMeterThread: Thread finished: Write Load - 100 Users 1-8
2026-05-05 14:45:03,737 INFO o.a.j.t.JMeterThread: Thread started: Write Load - 100 Users 1-77
2026-05-05 14:45:03,825 INFO o.a.j.t.JMeterThread: Thread is done: Write Load - 100 Users 1-7
2026-05-05 14:45:03,825 INFO o.a.j.t.JMeterThread: Thread finished: Write Load - 100 Users 1-7
2026-05-05 14:45:04,090 INFO o.a.j.t.JMeterThread: Thread is done: Write Load - 100 Users 1-11
2026-05-05 14:45:04,090 INFO o.a.j.t.JMeterThread: Thread finished: Write Load - 100 Users 1-11
2026-05-05 14:45:04,337 INFO o.a.j.t.JMeterThread: Thread started: Write Load - 100 Users 1-78
2026-05-05 14:45:04,936 INFO o.a.j.t.JMeterThread: Thread started: Write Load - 100 Users 1-79
2026-05-05 14:45:05,537 INFO o.a.j.t.JMeterThread: Thread started: Write Load - 100 Users 1-80
2026-05-05 14:45:06,137 INFO o.a.j.t.JMeterThread: Thread started: Write Load - 100 Users 1-81
2026-05-05 14:45:06,177 INFO o.a.j.t.JMeterThread: Thread is done: Write Load - 100 Users 1-17
2026-05-05 14:45:06,177 INFO o.a.j.t.JMeterThread: Thread finished: Write Load - 100 Users 1-17
2026-05-05 14:45:06,737 INFO o.a.j.t.JMeterThread: Thread started: Write Load - 100 Users 1-82
2026-05-05 14:45:07,338 INFO o.a.j.t.JMeterThread: Thread started: Write Load - 100 Users 1-83
2026-05-05 14:45:07,939 INFO o.a.j.t.JMeterThread: Thread started: Write Load - 100 Users 1-84
2026-05-05 14:45:08,537 INFO o.a.j.t.JMeterThread: Thread started: Write Load - 100 Users 1-85
2026-05-05 14:45:09,137 INFO o.a.j.t.JMeterThread: Thread started: Write Load - 100 Users 1-86
2026-05-05 14:45:09,738 INFO o.a.j.t.JMeterThread: Thread started: Write Load - 100 Users 1-87
2026-05-05 14:45:10,336 INFO o.a.j.t.JMeterThread: Thread started: Write Load - 100 Users 1-88
2026-05-05 14:45:10,623 INFO o.a.j.t.JMeterThread: Thread is done: Write Load - 100 Users 1-12
2026-05-05 14:45:10,624 INFO o.a.j.t.JMeterThread: Thread finished: Write Load - 100 Users 1-12
2026-05-05 14:45:10,933 INFO o.a.j.t.JMeterThread: Thread started: Write Load - 100 Users 1-89
2026-05-05 14:45:10,952 INFO o.a.j.t.JMeterThread: Thread is done: Write Load - 100 Users 1-15
2026-05-05 14:45:10,953 INFO o.a.j.t.JMeterThread: Thread finished: Write Load - 100 Users 1-15
2026-05-05 14:45:11,537 INFO o.a.j.t.JMeterThread: Thread started: Write Load - 100 Users 1-90
2026-05-05 14:45:12,137 INFO o.a.j.t.JMeterThread: Thread started: Write Load - 100 Users 1-91
2026-05-05 14:45:12,737 INFO o.a.j.t.JMeterThread: Thread started: Write Load - 100 Users 1-92
2026-05-05 14:45:13,333 INFO o.a.j.t.JMeterThread: Thread started: Write Load - 100 Users 1-93
2026-05-05 14:45:13,937 INFO o.a.j.t.JMeterThread: Thread started: Write Load - 100 Users 1-94
2026-05-05 14:45:14,536 INFO o.a.j.t.JMeterThread: Thread started: Write Load - 100 Users 1-95
2026-05-05 14:45:15,136 INFO o.a.j.t.JMeterThread: Thread started: Write Load - 100 Users 1-96
2026-05-05 14:45:15,269 INFO o.a.j.t.JMeterThread: Thread is done: Write Load - 100 Users 1-13
2026-05-05 14:45:15,270 INFO o.a.j.t.JMeterThread: Thread finished: Write Load - 100 Users 1-13
2026-05-05 14:45:15,383 INFO o.a.j.t.JMeterThread: Thread is done: Write Load - 100 Users 1-19
2026-05-05 14:45:15,383 INFO o.a.j.t.JMeterThread: Thread is done: Write Load - 100 Users 1-20
2026-05-05 14:45:15,383 INFO o.a.j.t.JMeterThread: Thread finished: Write Load - 100 Users 1-20
2026-05-05 14:45:15,383 INFO o.a.j.t.JMeterThread: Thread finished: Write Load - 100 Users 1-19
2026-05-05 14:45:15,394 INFO o.a.j.t.JMeterThread: Thread is done: Write Load - 100 Users 1-18
2026-05-05 14:45:15,394 INFO o.a.j.t.JMeterThread: Thread finished: Write Load - 100 Users 1-18
2026-05-05 14:45:15,738 INFO o.a.j.t.JMeterThread: Thread started: Write Load - 100 Users 1-97
2026-05-05 14:45:16,337 INFO o.a.j.t.JMeterThread: Thread started: Write Load - 100 Users 1-98
2026-05-05 14:45:16,933 INFO o.a.j.t.JMeterThread: Thread started: Write Load - 100 Users 1-99
2026-05-05 14:45:17,537 INFO o.a.j.t.JMeterThread: Thread started: Write Load - 100 Users 1-100
2026-05-05 14:45:18,054 INFO o.a.j.t.JMeterThread: Thread is done: Write Load - 100 Users 1-22
2026-05-05 14:45:18,055 INFO o.a.j.t.JMeterThread: Thread finished: Write Load - 100 Users 1-22
2026-05-05 14:45:18,391 INFO o.a.j.t.JMeterThread: Thread is done: Write Load - 100 Users 1-24
2026-05-05 14:45:18,391 INFO o.a.j.t.JMeterThread: Thread finished: Write Load - 100 Users 1-24
2026-05-05 14:45:19,636 INFO o.a.j.t.JMeterThread: Thread is done: Write Load - 100 Users 1-26
2026-05-05 14:45:19,636 INFO o.a.j.t.JMeterThread: Thread finished: Write Load - 100 Users 1-26
2026-05-05 14:45:20,034 INFO o.a.j.t.JMeterThread: Thread is done: Write Load - 100 Users 1-23
2026-05-05 14:45:20,034 INFO o.a.j.t.JMeterThread: Thread finished: Write Load - 100 Users 1-23
2026-05-05 14:45:20,172 INFO o.a.j.t.JMeterThread: Thread is done: Write Load - 100 Users 1-25
2026-05-05 14:45:20,172 INFO o.a.j.t.JMeterThread: Thread finished: Write Load - 100 Users 1-25
2026-05-05 14:45:25,467 INFO o.a.j.t.JMeterThread: Thread is done: Write Load - 100 Users 1-14
2026-05-05 14:45:25,467 INFO o.a.j.t.JMeterThread: Thread finished: Write Load - 100 Users 1-14
2026-05-05 14:45:25,619 INFO o.a.j.t.JMeterThread: Thread is done: Write Load - 100 Users 1-16
2026-05-05 14:45:25,620 INFO o.a.j.t.JMeterThread: Thread finished: Write Load - 100 Users 1-16
2026-05-05 14:45:26,355 INFO o.a.j.t.JMeterThread: Thread is done: Write Load - 100 Users 1-29
2026-05-05 14:45:26,355 INFO o.a.j.t.JMeterThread: Thread finished: Write Load - 100 Users 1-29
2026-05-05 14:45:26,695 INFO o.a.j.t.JMeterThread: Thread is done: Write Load - 100 Users 1-28
2026-05-05 14:45:26,695 INFO o.a.j.t.JMeterThread: Thread finished: Write Load - 100 Users 1-28
2026-05-05 14:45:26,699 INFO o.a.j.t.JMeterThread: Thread is done: Write Load - 100 Users 1-33
2026-05-05 14:45:26,699 INFO o.a.j.t.JMeterThread: Thread finished: Write Load - 100 Users 1-33
2026-05-05 14:45:26,941 INFO o.a.j.t.JMeterThread: Thread is done: Write Load - 100 Users 1-31
2026-05-05 14:45:26,941 INFO o.a.j.t.JMeterThread: Thread finished: Write Load - 100 Users 1-31
2026-05-05 14:45:27,711 INFO o.a.j.t.JMeterThread: Thread is done: Write Load - 100 Users 1-32
2026-05-05 14:45:27,711 INFO o.a.j.t.JMeterThread: Thread finished: Write Load - 100 Users 1-32
2026-05-05 14:45:28,983 INFO o.a.j.t.JMeterThread: Thread is done: Write Load - 100 Users 1-30
2026-05-05 14:45:28,983 INFO o.a.j.t.JMeterThread: Thread finished: Write Load - 100 Users 1-30
2026-05-05 14:45:29,954 INFO o.a.j.t.JMeterThread: Thread is done: Write Load - 100 Users 1-37
2026-05-05 14:45:29,954 INFO o.a.j.t.JMeterThread: Thread finished: Write Load - 100 Users 1-37
2026-05-05 14:45:30,336 INFO o.a.j.t.JMeterThread: Thread is done: Write Load - 100 Users 1-34
2026-05-05 14:45:30,337 INFO o.a.j.t.JMeterThread: Thread finished: Write Load - 100 Users 1-34
2026-05-05 14:45:35,031 INFO o.a.j.t.JMeterThread: Thread is done: Write Load - 100 Users 1-21
2026-05-05 14:45:35,031 INFO o.a.j.t.JMeterThread: Thread finished: Write Load - 100 Users 1-21
2026-05-05 14:45:35,875 INFO o.a.j.t.JMeterThread: Thread is done: Write Load - 100 Users 1-40
2026-05-05 14:45:35,876 INFO o.a.j.t.JMeterThread: Thread finished: Write Load - 100 Users 1-40
2026-05-05 14:45:36,650 INFO o.a.j.t.JMeterThread: Thread is done: Write Load - 100 Users 1-39
2026-05-05 14:45:36,650 INFO o.a.j.t.JMeterThread: Thread finished: Write Load - 100 Users 1-39
2026-05-05 14:45:37,046 INFO o.a.j.t.JMeterThread: Thread is done: Write Load - 100 Users 1-36
2026-05-05 14:45:37,046 INFO o.a.j.t.JMeterThread: Thread finished: Write Load - 100 Users 1-36
2026-05-05 14:45:37,282 INFO o.a.j.t.JMeterThread: Thread is done: Write Load - 100 Users 1-42
2026-05-05 14:45:37,282 INFO o.a.j.t.JMeterThread: Thread finished: Write Load - 100 Users 1-42
2026-05-05 14:45:37,917 INFO o.a.j.t.JMeterThread: Thread is done: Write Load - 100 Users 1-45
2026-05-05 14:45:37,917 INFO o.a.j.t.JMeterThread: Thread is done: Write Load - 100 Users 1-47
2026-05-05 14:45:37,917 INFO o.a.j.t.JMeterThread: Thread finished: Write Load - 100 Users 1-45
2026-05-05 14:45:37,917 INFO o.a.j.t.JMeterThread: Thread finished: Write Load - 100 Users 1-47
2026-05-05 14:45:38,776 INFO o.a.j.t.JMeterThread: Thread is done: Write Load - 100 Users 1-48
2026-05-05 14:45:38,776 INFO o.a.j.t.JMeterThread: Thread finished: Write Load - 100 Users 1-48
2026-05-05 14:45:38,805 INFO o.a.j.t.JMeterThread: Thread is done: Write Load - 100 Users 1-44
2026-05-05 14:45:38,805 INFO o.a.j.t.JMeterThread: Thread finished: Write Load - 100 Users 1-44
2026-05-05 14:45:40,200 INFO o.a.j.t.JMeterThread: Thread is done: Write Load - 100 Users 1-49
2026-05-05 14:45:40,201 INFO o.a.j.t.JMeterThread: Thread finished: Write Load - 100 Users 1-49
2026-05-05 14:45:40,935 INFO o.a.j.t.JMeterThread: Thread is done: Write Load - 100 Users 1-27
2026-05-05 14:45:40,935 INFO o.a.j.t.JMeterThread: Thread finished: Write Load - 100 Users 1-27
2026-05-05 14:45:40,950 INFO o.a.j.t.JMeterThread: Thread is done: Write Load - 100 Users 1-52
2026-05-05 14:45:40,951 INFO o.a.j.t.JMeterThread: Thread finished: Write Load - 100 Users 1-52
2026-05-05 14:45:41,106 INFO o.a.j.t.JMeterThread: Thread is done: Write Load - 100 Users 1-51
2026-05-05 14:45:41,106 INFO o.a.j.t.JMeterThread: Thread finished: Write Load - 100 Users 1-51
2026-05-05 14:45:41,493 INFO o.a.j.t.JMeterThread: Thread is done: Write Load - 100 Users 1-50
2026-05-05 14:45:41,493 INFO o.a.j.t.JMeterThread: Thread finished: Write Load - 100 Users 1-50
2026-05-05 14:45:42,249 INFO o.a.j.t.JMeterThread: Thread is done: Write Load - 100 Users 1-57
2026-05-05 14:45:42,250 INFO o.a.j.t.JMeterThread: Thread finished: Write Load - 100 Users 1-57
2026-05-05 14:45:44,471 INFO o.a.j.t.JMeterThread: Thread is done: Write Load - 100 Users 1-59
2026-05-05 14:45:44,471 INFO o.a.j.t.JMeterThread: Thread finished: Write Load - 100 Users 1-59
2026-05-05 14:45:44,637 INFO o.a.j.t.JMeterThread: Thread is done: Write Load - 100 Users 1-56
2026-05-05 14:45:44,637 INFO o.a.j.t.JMeterThread: Thread finished: Write Load - 100 Users 1-56
2026-05-05 14:45:45,838 INFO o.a.j.t.JMeterThread: Thread is done: Write Load - 100 Users 1-53
2026-05-05 14:45:45,839 INFO o.a.j.t.JMeterThread: Thread finished: Write Load - 100 Users 1-53
2026-05-05 14:45:46,398 INFO o.a.j.t.JMeterThread: Thread is done: Write Load - 100 Users 1-58
2026-05-05 14:45:46,399 INFO o.a.j.t.JMeterThread: Thread finished: Write Load - 100 Users 1-58
2026-05-05 14:45:46,652 INFO o.a.j.t.JMeterThread: Thread is done: Write Load - 100 Users 1-65
2026-05-05 14:45:46,652 INFO o.a.j.t.JMeterThread: Thread finished: Write Load - 100 Users 1-65
2026-05-05 14:45:47,219 INFO o.a.j.t.JMeterThread: Thread is done: Write Load - 100 Users 1-70
2026-05-05 14:45:47,219 INFO o.a.j.t.JMeterThread: Thread finished: Write Load - 100 Users 1-70
2026-05-05 14:45:47,245 INFO o.a.j.t.JMeterThread: Thread is done: Write Load - 100 Users 1-68
2026-05-05 14:45:47,245 INFO o.a.j.t.JMeterThread: Thread finished: Write Load - 100 Users 1-68
2026-05-05 14:45:47,802 INFO o.a.j.t.JMeterThread: Thread is done: Write Load - 100 Users 1-63
2026-05-05 14:45:47,802 INFO o.a.j.t.JMeterThread: Thread finished: Write Load - 100 Users 1-63
2026-05-05 14:45:48,460 INFO o.a.j.t.JMeterThread: Thread is done: Write Load - 100 Users 1-66
2026-05-05 14:45:48,460 INFO o.a.j.t.JMeterThread: Thread is done: Write Load - 100 Users 1-69
2026-05-05 14:45:48,460 INFO o.a.j.t.JMeterThread: Thread finished: Write Load - 100 Users 1-66
2026-05-05 14:45:48,460 INFO o.a.j.t.JMeterThread: Thread finished: Write Load - 100 Users 1-69
2026-05-05 14:45:50,553 INFO o.a.j.t.JMeterThread: Thread is done: Write Load - 100 Users 1-38
2026-05-05 14:45:50,554 INFO o.a.j.t.JMeterThread: Thread finished: Write Load - 100 Users 1-38
2026-05-05 14:45:51,470 INFO o.a.j.t.JMeterThread: Thread is done: Write Load - 100 Users 1-71
2026-05-05 14:45:51,470 INFO o.a.j.t.JMeterThread: Thread finished: Write Load - 100 Users 1-71
2026-05-05 14:45:51,548 INFO o.a.j.t.JMeterThread: Thread is done: Write Load - 100 Users 1-73
2026-05-05 14:45:51,549 INFO o.a.j.t.JMeterThread: Thread finished: Write Load - 100 Users 1-73
2026-05-05 14:45:51,826 INFO o.a.j.t.JMeterThread: Thread is done: Write Load - 100 Users 1-77
2026-05-05 14:45:51,826 INFO o.a.j.t.JMeterThread: Thread finished: Write Load - 100 Users 1-77
2026-05-05 14:45:52,193 INFO o.a.j.t.JMeterThread: Thread is done: Write Load - 100 Users 1-35
2026-05-05 14:45:52,193 INFO o.a.j.t.JMeterThread: Thread finished: Write Load - 100 Users 1-35
2026-05-05 14:45:52,275 INFO o.a.j.t.JMeterThread: Thread is done: Write Load - 100 Users 1-41
2026-05-05 14:45:52,275 INFO o.a.j.t.JMeterThread: Thread finished: Write Load - 100 Users 1-41
2026-05-05 14:45:52,411 INFO o.a.j.t.JMeterThread: Thread is done: Write Load - 100 Users 1-78
2026-05-05 14:45:52,411 INFO o.a.j.t.JMeterThread: Thread finished: Write Load - 100 Users 1-78
2026-05-05 14:45:53,044 INFO o.a.j.t.JMeterThread: Thread is done: Write Load - 100 Users 1-43
2026-05-05 14:45:53,045 INFO o.a.j.t.JMeterThread: Thread finished: Write Load - 100 Users 1-43
2026-05-05 14:45:53,177 INFO o.a.j.t.JMeterThread: Thread is done: Write Load - 100 Users 1-85
2026-05-05 14:45:53,177 INFO o.a.j.t.JMeterThread: Thread finished: Write Load - 100 Users 1-85
2026-05-05 14:45:53,256 INFO o.a.j.t.JMeterThread: Thread is done: Write Load - 100 Users 1-88
2026-05-05 14:45:53,257 INFO o.a.j.t.JMeterThread: Thread finished: Write Load - 100 Users 1-88
2026-05-05 14:45:53,286 INFO o.a.j.t.JMeterThread: Thread is done: Write Load - 100 Users 1-82
2026-05-05 14:45:53,287 INFO o.a.j.t.JMeterThread: Thread finished: Write Load - 100 Users 1-82
2026-05-05 14:45:53,686 INFO o.a.j.t.JMeterThread: Thread is done: Write Load - 100 Users 1-86
2026-05-05 14:45:53,686 INFO o.a.j.t.JMeterThread: Thread finished: Write Load - 100 Users 1-86
2026-05-05 14:45:54,325 INFO o.a.j.t.JMeterThread: Thread is done: Write Load - 100 Users 1-89
2026-05-05 14:45:54,326 INFO o.a.j.t.JMeterThread: Thread finished: Write Load - 100 Users 1-89
2026-05-05 14:45:55,505 INFO o.a.j.t.JMeterThread: Thread is done: Write Load - 100 Users 1-90
2026-05-05 14:45:55,505 INFO o.a.j.t.JMeterThread: Thread finished: Write Load - 100 Users 1-90
2026-05-05 14:45:56,956 INFO o.a.j.t.JMeterThread: Thread is done: Write Load - 100 Users 1-93
2026-05-05 14:45:56,956 INFO o.a.j.t.JMeterThread: Thread finished: Write Load - 100 Users 1-93
2026-05-05 14:45:57,801 INFO o.a.j.t.JMeterThread: Thread is done: Write Load - 100 Users 1-84
2026-05-05 14:45:57,801 INFO o.a.j.t.JMeterThread: Thread finished: Write Load - 100 Users 1-84
2026-05-05 14:45:57,806 INFO o.a.j.t.JMeterThread: Thread is done: Write Load - 100 Users 1-99
2026-05-05 14:45:57,806 INFO o.a.j.t.JMeterThread: Thread finished: Write Load - 100 Users 1-99
2026-05-05 14:45:57,879 INFO o.a.j.t.JMeterThread: Thread is done: Write Load - 100 Users 1-91
2026-05-05 14:45:57,880 INFO o.a.j.t.JMeterThread: Thread finished: Write Load - 100 Users 1-91
2026-05-05 14:45:58,406 INFO o.a.j.t.JMeterThread: Thread is done: Write Load - 100 Users 1-46
2026-05-05 14:45:58,407 INFO o.a.j.t.JMeterThread: Thread finished: Write Load - 100 Users 1-46
2026-05-05 14:45:58,542 INFO o.a.j.t.JMeterThread: Thread is done: Write Load - 100 Users 1-98
2026-05-05 14:45:58,542 INFO o.a.j.t.JMeterThread: Thread finished: Write Load - 100 Users 1-98
2026-05-05 14:45:59,505 INFO o.a.j.t.JMeterThread: Thread is done: Write Load - 100 Users 1-62
2026-05-05 14:45:59,506 INFO o.a.j.t.JMeterThread: Thread finished: Write Load - 100 Users 1-62
2026-05-05 14:46:00,267 INFO o.a.j.t.JMeterThread: Thread is done: Write Load - 100 Users 1-95
2026-05-05 14:46:00,267 INFO o.a.j.t.JMeterThread: Thread finished: Write Load - 100 Users 1-95
2026-05-05 14:46:01,802 INFO o.a.j.t.JMeterThread: Thread is done: Write Load - 100 Users 1-74
2026-05-05 14:46:01,802 INFO o.a.j.t.JMeterThread: Thread finished: Write Load - 100 Users 1-74
2026-05-05 14:46:01,868 INFO o.a.j.t.JMeterThread: Thread is done: Write Load - 100 Users 1-54
2026-05-05 14:46:01,869 INFO o.a.j.t.JMeterThread: Thread finished: Write Load - 100 Users 1-54
2026-05-05 14:46:03,125 INFO o.a.j.t.JMeterThread: Thread is done: Write Load - 100 Users 1-61
2026-05-05 14:46:03,125 INFO o.a.j.t.JMeterThread: Thread finished: Write Load - 100 Users 1-61
2026-05-05 14:46:03,823 INFO o.a.j.t.JMeterThread: Thread is done: Write Load - 100 Users 1-60
2026-05-05 14:46:03,824 INFO o.a.j.t.JMeterThread: Thread finished: Write Load - 100 Users 1-60
2026-05-05 14:46:03,950 INFO o.a.j.t.JMeterThread: Thread is done: Write Load - 100 Users 1-79
2026-05-05 14:46:03,951 INFO o.a.j.t.JMeterThread: Thread finished: Write Load - 100 Users 1-79
2026-05-05 14:46:04,246 INFO o.a.j.t.JMeterThread: Thread is done: Write Load - 100 Users 1-55
2026-05-05 14:46:04,246 INFO o.a.j.t.JMeterThread: Thread finished: Write Load - 100 Users 1-55
2026-05-05 14:46:08,828 INFO o.a.j.t.JMeterThread: Thread is done: Write Load - 100 Users 1-72
2026-05-05 14:46:08,828 INFO o.a.j.t.JMeterThread: Thread finished: Write Load - 100 Users 1-72
2026-05-05 14:46:10,803 INFO o.a.j.t.JMeterThread: Thread is done: Write Load - 100 Users 1-87
2026-05-05 14:46:10,803 INFO o.a.j.t.JMeterThread: Thread finished: Write Load - 100 Users 1-87
2026-05-05 14:46:10,997 INFO o.a.j.t.JMeterThread: Thread is done: Write Load - 100 Users 1-96
2026-05-05 14:46:10,997 INFO o.a.j.t.JMeterThread: Thread finished: Write Load - 100 Users 1-96
2026-05-05 14:46:11,900 INFO o.a.j.t.JMeterThread: Thread is done: Write Load - 100 Users 1-83
2026-05-05 14:46:11,900 INFO o.a.j.t.JMeterThread: Thread finished: Write Load - 100 Users 1-83
2026-05-05 14:46:12,721 INFO o.a.j.t.JMeterThread: Thread is done: Write Load - 100 Users 1-76
2026-05-05 14:46:12,721 INFO o.a.j.t.JMeterThread: Thread finished: Write Load - 100 Users 1-76
2026-05-05 14:46:15,388 INFO o.a.j.t.JMeterThread: Thread is done: Write Load - 100 Users 1-97
2026-05-05 14:46:15,388 INFO o.a.j.t.JMeterThread: Thread finished: Write Load - 100 Users 1-97
2026-05-05 14:46:15,460 INFO o.a.j.t.JMeterThread: Thread is done: Write Load - 100 Users 1-67
2026-05-05 14:46:15,460 INFO o.a.j.t.JMeterThread: Thread finished: Write Load - 100 Users 1-67
2026-05-05 14:46:16,581 INFO o.a.j.t.JMeterThread: Thread is done: Write Load - 100 Users 1-100
2026-05-05 14:46:16,583 INFO o.a.j.t.JMeterThread: Thread finished: Write Load - 100 Users 1-100
2026-05-05 14:46:19,082 INFO o.a.j.t.JMeterThread: Thread is done: Write Load - 100 Users 1-64
2026-05-05 14:46:19,082 INFO o.a.j.t.JMeterThread: Thread finished: Write Load - 100 Users 1-64
2026-05-05 14:46:24,444 INFO o.a.j.t.JMeterThread: Thread is done: Write Load - 100 Users 1-75
2026-05-05 14:46:24,445 INFO o.a.j.t.JMeterThread: Thread finished: Write Load - 100 Users 1-75
2026-05-05 14:46:28,054 INFO o.a.j.t.JMeterThread: Thread is done: Write Load - 100 Users 1-80
2026-05-05 14:46:28,054 INFO o.a.j.t.JMeterThread: Thread finished: Write Load - 100 Users 1-80
2026-05-05 14:46:32,303 INFO o.a.j.t.JMeterThread: Thread is done: Write Load - 100 Users 1-81
2026-05-05 14:46:32,304 INFO o.a.j.t.JMeterThread: Thread finished: Write Load - 100 Users 1-81
2026-05-05 14:46:34,003 INFO o.a.j.t.JMeterThread: Thread is done: Write Load - 100 Users 1-92
2026-05-05 14:46:34,004 INFO o.a.j.t.JMeterThread: Thread finished: Write Load - 100 Users 1-92
2026-05-05 14:46:34,257 INFO o.a.j.t.JMeterThread: Thread is done: Write Load - 100 Users 1-94
2026-05-05 14:46:34,257 INFO o.a.j.t.JMeterThread: Thread finished: Write Load - 100 Users 1-94
2026-05-05 14:46:34,258 INFO o.a.j.e.StandardJMeterEngine: Notifying test listeners of end of test
2026-05-05 14:46:34,262 INFO o.a.j.g.u.JMeterMenuBar: setRunning(false, *local*)
